// Jest Snapshot v1, https://goo.gl/fbAQLP

exports[`renders correctly standard  1`] = `
<section
  className="MuiBox-root css-1cct0at"
>
  <div
    className="MuiContainer-root MuiContainer-maxWidthLg MuiContainer-disableGutters css-1p4tas-MuiContainer-root"
  >
    <div
      className="MuiGrid-root MuiGrid-container MuiGrid-direction-xs-column css-1vpwcmr-MuiGrid-root"
    >
      <h5
        className="MuiTypography-root MuiTypography-h5 css-ch2k2f-MuiTypography-root"
      >
        Lorem ipsum
      </h5>
      <p
        className="MuiTypography-root MuiTypography-body1 css-bsld86-MuiTypography-root"
      >
        Ultimo aggiornamento 23 novembre 2023
      </p>
      <p
        className="MuiTypography-root MuiTypography-body1 css-12akxqs-MuiTypography-root"
      >
        Nome
      </p>
      <div
        className="MuiBox-root css-1qm1lh"
      >
        <a
          className="MuiTypography-root MuiTypography-body2 MuiLink-root MuiLink-underlineAlways css-v8rapa-MuiTypography-root-MuiLink-root"
          href="https://google.it"
          onBlur={[Function]}
          onFocus={[Function]}
          target="_blank"
          title="vai al sito"
        >
          Lorem ipsum dolor sit amet, consectetuer asipscing elit
        </a>
        <hr
          className="MuiDivider-root MuiDivider-fullWidth css-uok36i-MuiDivider-root"
        />
      </div>
      <div
        className="MuiBox-root css-1qm1lh"
      >
        <p
          className="MuiTypography-root MuiTypography-body2 css-kah6a3-MuiTypography-root"
          title=""
        >
          Lorem ipsum dolor sit amet, consectetuer asipscing elit
        </p>
        <hr
          className="MuiDivider-root MuiDivider-fullWidth css-uok36i-MuiDivider-root"
        />
      </div>
      <div
        className="MuiBox-root css-1qm1lh"
      >
        <p
          className="MuiTypography-root MuiTypography-body2 css-kah6a3-MuiTypography-root"
          title=""
        >
          Lorem ipsum dolor sit amet, consectetuer asipscing elit
        </p>
        <hr
          className="MuiDivider-root MuiDivider-fullWidth css-uok36i-MuiDivider-root"
        />
      </div>
      <div
        className="MuiBox-root css-12595yo"
      >
        <p
          className="MuiTypography-root MuiTypography-body2 css-kah6a3-MuiTypography-root"
          title=""
        >
          Lorem ipsum dolor sit amet, consectetuer asipscing elit
        </p>
        <hr
          className="MuiDivider-root MuiDivider-fullWidth css-uok36i-MuiDivider-root"
        />
      </div>
    </div>
  </div>
</section>
`;
